11:22:23.192 [main] INFO org.springframework.test.context.support.AnnotationConfigContextLoaderUtils -- Could not detect default configuration classes for test class [dev.paulymorph.weatherdemo.WeatherdemoApplicationTests]: WeatherdemoApplicationTests does not declare any static, non-private, non-final, nested classes annotated with @Configuration.
11:22:23.319 [main] INFO org.springframework.boot.test.context.SpringBootTestContextBootstrapper -- Found @SpringBootConfiguration dev.paulymorph.weatherdemo.WeatherdemoApplication for test class dev.paulymorph.weatherdemo.WeatherdemoApplicationTests
11:22:23.432 [main] INFO org.springframework.test.context.support.AnnotationConfigContextLoaderUtils -- Could not detect default configuration classes for test class [dev.paulymorph.weatherdemo.WeatherdemoApplicationTests]: WeatherdemoApplicationTests does not declare any static, non-private, non-final, nested classes annotated with @Configuration.
11:22:23.435 [main] INFO org.springframework.boot.test.context.SpringBootTestContextBootstrapper -- Found @SpringBootConfiguration dev.paulymorph.weatherdemo.WeatherdemoApplication for test class dev.paulymorph.weatherdemo.WeatherdemoApplicationTests

  .   ____          _            __ _ _
 /\\ / ___'_ __ _ _(_)_ __  __ _ \ \ \ \
( ( )\___ | '_ | '_| | '_ \/ _` | \ \ \ \
 \\/  ___)| |_)| | | | | || (_| |  ) ) ) )
  '  |____| .__|_| |_|_| |_\__, | / / / /
 =========|_|==============|___/=/_/_/_/

 :: Spring Boot ::                (v4.0.6)

2026-05-22T11:22:23.959+08:00  INFO 955318 --- [weatherdemo] [           main] d.p.w.WeatherdemoApplicationTests        : Starting WeatherdemoApplicationTests using Java 25.0.3 with PID 955318 (started by pau-ubuntu in /home/pau-ubuntu/Desktop/personal/personal_proects/weatherdemo)
2026-05-22T11:22:23.961+08:00  INFO 955318 --- [weatherdemo] [           main] d.p.w.WeatherdemoApplicationTests        : No active profile set, falling back to 1 default profile: "default"
2026-05-22T11:22:25.833+08:00  INFO 955318 --- [weatherdemo] [           main] d.p.w.WeatherdemoApplicationTests        : Started WeatherdemoApplicationTests in 2.291 seconds (process running for 3.653)
Mockito is currently self-attaching to enable the inline-mock-maker. This will no longer work in future releases of the JDK. Please add Mockito as an agent to your build as described in Mockito's documentation: https://javadoc.io/doc/org.mockito/mockito-core/latest/org.mockito/org/mockito/Mockito.html#0.3
WARNING: A Java agent has been loaded dynamically (/home/pau-ubuntu/.m2/repository/net/bytebuddy/byte-buddy-agent/1.17.8/byte-buddy-agent-1.17.8.jar)
WARNING: If a serviceability tool is in use, please run with -XX:+EnableDynamicAgentLoading to hide this warning
WARNING: If a serviceability tool is not in use, please run with -Djdk.instrument.traceUsage for more information
WARNING: Dynamic loading of agents will be disallowed by default in a future release
OpenJDK 64-Bit Server VM warning: Sharing is only supported for boot loader classes because bootstrap classpath has been appended
